(1790939135.380365) can0 180002FD#805C7FA27FFF00FA
(1790939135.388246) can0 180005FD#AA167FDE7FFF00F0
(1790939135.388339) can0 180004FD#7FA67FED7FFF00FA
(1790939135.388956) can0 180003FD#802F80177FFF00E6
(1790939135.390148) can0 180001FD#80747FFF7FFF00FA
(1790939135.390359) can0 180002FD#805C80687FFF00FA
(1790939135.398254) can0 180005FD#AA1680167FFF00F0
(1790939135.398357) can0 180004FD#7FA67FD97FFF00FA
(1790939135.398945) can0 180003FD#802F7F977FFF00E6
(1790939135.400133) can0 180001FD#80747FDA7FFF00FA
(1790939135.400366) can0 180002FD#805C7FEF7FFF00FA
(1790939135.408255) can0 180005FD#AA167FF27FFF00F0
(1790939135.408349) can0 180004FD#7FA67FD37FFF00FA
(1790939135.408969) can0 180003FD#802F7F937FFF00E6
(1790939135.410139) can0 180001FD#807480367FFF00FA
(1790939135.410364) can0 180002FD#805C806B7FFF00FA
(1790939135.418261) can0 180005FD#AA1680017FFF00F0
(1790939135.418356) can0 180004FD#7FA780447FFF00FA
(1790939135.418974) can0 180003FD#802F7FB57FFF00E6
(1790939135.420162) can0 180001FD#807480487FFF00FA
(1790939135.420389) can0 180002FD#805C7F9D7FFF00FA
(1790939135.428267) can0 180005FD#AA167FF57FFF00F0
(1790939135.428363) can0 180004FD#7FA67FD57FFF00FA
(1790939135.428979) can0 180003FD#802F800D7FFF00E6
(1790939135.430173) can0 180001FD#80747FD17FFF00FA
(1790939135.430393) can0 180002FD#805C7FCC7FFF00FA
(1790939135.438242) can0 180005FD#AA167FF47FFF00F0
(1790939135.438371) can0 180004FD#7FA780087FFF00FA
(1790939135.438979) can0 180003FD#802F7F9F7FFF00E6
(1790939135.440181) can0 180001FD#807480507FFF00FA
(1790939135.440395) can0 180002FD#805C80027FFF00FA
(1790939135.448239) can0 180005FD#AA167FE27FFF00F0
(1790939135.448375) can0 180004FD#7FA780107FFF00FA
(1790939135.448983) can0 180003FD#802F7FFC7FFF00E6
(1790939135.450171) can0 180001FD#80747FE87FFF00FA
(1790939135.450400) can0 180002FD#805C7FE97FFF00FA
(1790939135.458266) can0 180005FD#AA167FEA7FFF00F0
(1790939135.458400) can0 180004FD#7FA77FE37FFF00FA
(1790939135.458980) can0 180003FD#802F7FC07FFF00E6
(1790939135.460173) can0 180001FD#80747FEC7FFF00FA
(1790939135.460403) can0 180002FD#805C80337FFF00FA
(1790939135.468269) can0 180005FD#AA167FBC7FFF00F0
(1790939135.468405) can0 180004FD#7FA780507FFF00FA
(1790939135.468990) can0 180003FD#802F80067FFF00E6
(1790939135.470176) can0 180001FD#80747F9E7FFF00FA
(1790939135.470408) can0 180002FD#805C7FA87FFF00FA
(1790939135.478275) can0 180005FD#AA167FFD7FFF00F0
(1790939135.478411) can0 180004FD#7FA780067FFF00FA
(1790939135.478991) can0 180003FD#802F7FFD7FFF00E6
(1790939135.480181) can0 180001FD#80747FF37FFF00FA
