(1790944420.189286) can0 180002FD#805C7FCB7FFF00FA
(1790944420.189413) can0 180001FD#80747F477FFF00FA
(1790944420.189758) can0 180004FD#7FA77FFE7FFF00F0
(1790944420.190987) can0 180005FD#AA167FFC7FFF00F0
(1790944420.193196) can0 180003FD#802F801D7FFF00E6
(1790944420.199274) can0 180002FD#805C7FB37FFF00FA
(1790944420.199408) can0 180001FD#80747F867FFF00FA
(1790944420.199761) can0 180004FD#7FA7800B7FFF00F0
(1790944420.200987) can0 180005FD#AA1680357FFF00F0
(1790944420.203193) can0 180003FD#802F7FDC7FFF00E6
(1790944420.209276) can0 180002FD#805C7F9D7FFF00FA
(1790944420.209411) can0 180001FD#807480447FFF00FA
(1790944420.209765) can0 180004FD#7FA7806B7FFF00F0
(1790944420.210995) can0 180005FD#AA167FF87FFF00F0
(1790944420.213200) can0 180003FD#802F80587FFF00E6
(1790944420.219285) can0 180002FD#805C80917FFF00FA
(1790944420.219418) can0 180001FD#807480577FFF00FA
(1790944420.219766) can0 180004FD#7FA67FF37FFF00F0
(1790944420.220995) can0 180005FD#AA1680467FFF00F0
(1790944420.223206) can0 180003FD#802F7FBA7FFF00E6
(1790944420.229310) can0 180002FD#805C7FD07FFF00FA
(1790944420.229447) can0 180001FD#807480FF7FFF00FA
(1790944420.229773) can0 180004FD#7FA77FFB7FFF00F0
(1790944420.231006) can0 180005FD#AA1680057FFF00F0
(1790944420.233240) can0 180003FD#803080737FFF00E6
(1790944420.239317) can0 180002FD#805C7F337FFF00FA
(1790944420.239450) can0 180001FD#80747FBA7FFF00FA
(1790944420.239772) can0 180004FD#7FA780527FFF00F0
(1790944420.241030) can0 180005FD#AA16801F7FFF00F0
(1790944420.243245) can0 180003FD#802F80297FFF00E6
(1790944420.249322) can0 180002FD#805C80257FFF00FA
(1790944420.249455) can0 180001FD#80747F5F7FFF00FA
(1790944420.249779) can0 180004FD#7FA680147FFF00F0
(1790944420.251035) can0 180005FD#AA167FF27FFF00F0
(1790944420.253252) can0 180003FD#802F7FF97FFF00E6
(1790944420.259328) can0 180002FD#805C7FAD7FFF00FA
(1790944420.259461) can0 180001FD#807480457FFF00FA
(1790944420.259805) can0 180004FD#7FA77FD57FFF00F0
(1790944420.261037) can0 180005FD#AA1680027FFF00F0
(1790944420.263252) can0 180003FD#802F80137FFF00E6
(1790944420.269321) can0 180002FD#805C7FD67FFF00FA
(1790944420.269465) can0 180001FD#807480527FFF00FA
(1790944420.269810) can0 180004FD#7FA680257FFF00F0
(1790944420.271041) can0 180005FD#AA167FF67FFF00F0
(1790944420.273253) can0 180003FD#80307FEC7FFF00E6
(1790944420.279330) can0 180002FD#805C7FE17FFF00FA
(1790944420.279465) can0 180001FD#80747FDA7FFF00FA
(1790944420.279813) can0 180004FD#7FA780287FFF00F0
(1790944420.281044) can0 180005FD#AA1680147FFF00F0
(1790944420.283256) can0 180003FD#802F7FEF7FFF00E6
