(1790945087.056661) can0 180003FD#802F7FE27FFF00E6
(1790945087.057201) can0 180005FD#AA16800C7FFF00F0
(1790945087.059103) can0 180002FD#805C810C7FFF00FA
(1790945087.059239) can0 180001FD#807480987FFF00FA
(1790945087.061312) can0 180004FD#7FA67FC97FFF00F0
(1790945087.066662) can0 180003FD#802F7FEA7FFF00E6
(1790945087.067228) can0 180005FD#AA167FD87FFF00F0
(1790945087.069104) can0 180002FD#805C80457FFF00FA
(1790945087.069248) can0 180001FD#80747F417FFF00FA
(1790945087.071314) can0 180004FD#7FA77FED7FFF00F0
(1790945087.076690) can0 180003FD#8030802C7FFF00E6
(1790945087.077228) can0 180005FD#AA1680427FFF00F0
(1790945087.079110) can0 180002FD#805C805E7FFF00FA
(1790945087.079255) can0 180001FD#8074801A7FFF00FA
(1790945087.081313) can0 180004FD#7FA67FE57FFF00F0
(1790945087.086691) can0 180003FD#802F80047FFF00E6
(1790945087.087237) can0 180005FD#AA1680107FFF00F0
(1790945087.089133) can0 180002FD#805C7FE97FFF00FA
(1790945087.089280) can0 180001FD#80747FCC7FFF00FA
(1790945087.091314) can0 180004FD#7FA67FB97FFF00F0
(1790945087.096702) can0 180003FD#802F7FFC7FFF00E6
(1790945087.097239) can0 180005FD#AA1680137FFF00F0
(1790945087.099145) can0 180002FD#805C804F7FFF00FA
(1790945087.099289) can0 180001FD#8074800F7FFF00FA
(1790945087.101315) can0 180004FD#7FA7805D7FFF00F0
(1790945087.106702) can0 180003FD#803080317FFF00E6
(1790945087.107240) can0 180005FD#AA1680187FFF00F0
(1790945087.109148) can0 180002FD#805C80877FFF00FA
(1790945087.109292) can0 180001FD#80747FF17FFF00FA
(1790945087.111317) can0 180004FD#7FA7808E7FFF00F0
(1790945087.116705) can0 180003FD#802F7FCE7FFF00E6
(1790945087.117246) can0 180005FD#AA1680027FFF00F0
(1790945087.119154) can0 180002FD#805C80397FFF00FA
(1790945087.119298) can0 180001FD#8074800E7FFF00FA
(1790945087.121315) can0 180004FD#7FA77FCD7FFF00F0
(1790945087.126713) can0 180003FD#802F804E7FFF00E6
(1790945087.127242) can0 180005FD#AA1680237FFF00F0
(1790945087.129156) can0 180002FD#805C80617FFF00FA
(1790945087.129294) can0 180001FD#80747FA47FFF00FA
(1790945087.131323) can0 180004FD#7FA780817FFF00F0
(1790945087.136713) can0 180003FD#802F7FC27FFF00E6
(1790945087.137251) can0 180005FD#AA167FFF7FFF00F0
(1790945087.139170) can0 180002FD#805C806F7FFF00FA
(1790945087.139298) can0 180001FD#807480427FFF00FA
(1790945087.141344) can0 180004FD#7FA67FFD7FFF00F0
(1790945087.146768) can0 180003FD#802F7FF67FFF00E6
(1790945087.147259) can0 180005FD#AA167FD77FFF00F0
(1790945087.149175) can0 180002FD#805C80417FFF00FA
(1790945087.149302) can0 180001FD#80747FC27FFF00FA
(1790945087.151356) can0 180004FD#7FA780117FFF00F0
